// Jest Snapshot v1, https://goo.gl/fbAQLP

exports[`renders correctly 1`] = `
<View
  style={
    Object {
      "backgroundColor": "#CDC6A5",
      "flex": 1,
    }
  }
>
  <RCTScrollView
    contentContainerStyle={
      Object {
        "justifyContent": "center",
      }
    }
  >
    <View />
  </RCTScrollView>
  <View
    style={
      Object {
        "alignItems": "center",
        "justifyContent": "flex-end",
        "paddingVertical": 20,
      }
    }
  >
    <View
      accessible={true}
      collapsable={false}
      focusable={true}
      onBlur={[Function]}
      onClick={[Function]}
      onFocus={[Function]}
      onResponderGrant={[Function]}
      onResponderMove={[Function]}
      onResponderRelease={[Function]}
      onResponderTerminate={[Function]}
      onResponderTerminationRequest={[Function]}
      onStartShouldSetResponder={[Function]}
      style={
        Object {
          "backgroundColor": "#313E50",
          "borderRadius": 5,
          "justifyContent": "center",
          "padding": 10,
          "width": "80%",
        }
      }
    >
      <Text
        style={
          Object {
            "color": "#ffffff",
            "flexGrow": 1,
            "fontSize": 17,
            "letterSpacing": 0.2,
            "textAlign": "center",
          }
        }
      >
        Back to the airship
      </Text>
    </View>
  </View>
</View>
`;
